Parse tree from tests/cases/Filter_068.inp:
Filter(9999)
  Expression(9999)
    ExpressionClause(9999)
      ExpressionPhrase(9999)
        Comparison(9999)
          PropertyFirstComparison(9999)
            Property(9999)
              Identifier(9999)
                LowercaseLetter(9999)
                  TOKEN_69(9999): "e", line: 1, col: 1
                LowercaseLetter(9999)
                  TOKEN_76(9999): "l", line: 1, col: 2
                LowercaseLetter(9999)
                  TOKEN_69(9999): "e", line: 1, col: 3
                LowercaseLetter(9999)
                  TOKEN_77(9999): "m", line: 1, col: 4
                LowercaseLetter(9999)
                  TOKEN_69(9999): "e", line: 1, col: 5
                LowercaseLetter(9999)
                  TOKEN_78(9999): "n", line: 1, col: 6
                LowercaseLetter(9999)
                  TOKEN_84(9999): "t", line: 1, col: 7
                LowercaseLetter(9999)
                  TOKEN_83(9999): "s", line: 1, col: 8
                Spaces(9999)
                  Space(9999)
                    TOKEN_1(9999): " ", line: 1, col: 9
            SetZipOpRhs(9999)
              PropertyZipAddon(9999)
                Colon(9999)
                  TOKEN_26(9999): ":", line: 1, col: 10
                Property(9999)
                  Identifier(9999)
                    LowercaseLetter(9999)
                      TOKEN_69(9999): "e", line: 1, col: 11
                    LowercaseLetter(9999)
                      TOKEN_76(9999): "l", line: 1, col: 12
                    LowercaseLetter(9999)
                      TOKEN_69(9999): "e", line: 1, col: 13
                    LowercaseLetter(9999)
                      TOKEN_77(9999): "m", line: 1, col: 14
                    LowercaseLetter(9999)
                      TOKEN_69(9999): "e", line: 1, col: 15
                    LowercaseLetter(9999)
                      TOKEN_78(9999): "n", line: 1, col: 16
                    LowercaseLetter(9999)
                      TOKEN_84(9999): "t", line: 1, col: 17
                    LowercaseLetter(9999)
                      TOKEN_63(9999): "_", line: 1, col: 18
                    LowercaseLetter(9999)
                      TOKEN_67(9999): "c", line: 1, col: 19
                    LowercaseLetter(9999)
                      TOKEN_79(9999): "o", line: 1, col: 20
                    LowercaseLetter(9999)
                      TOKEN_85(9999): "u", line: 1, col: 21
                    LowercaseLetter(9999)
                      TOKEN_78(9999): "n", line: 1, col: 22
                    LowercaseLetter(9999)
                      TOKEN_84(9999): "t", line: 1, col: 23
                    LowercaseLetter(9999)
                      TOKEN_83(9999): "s", line: 1, col: 24
                    Spaces(9999)
                      Space(9999)
                        TOKEN_1(9999): " ", line: 1, col: 25
              HAS(9999)
                TOKEN_40(9999): "H", line: 1, col: 26
                TOKEN_33(9999): "A", line: 1, col: 27
                TOKEN_51(9999): "S", line: 1, col: 28
                Spaces(9999)
                  Space(9999)
                    TOKEN_1(9999): " ", line: 1, col: 29
              ValueZip(9999)
                Value(9999)
                  String(9999)
                    TOKEN_3(9999): """, line: 1, col: 30
                    EscapedChar(9999)
                      UnescapedChar(9999)
                        Letter(9999)
                          UppercaseLetter(9999)
                            TOKEN_40(9999): "H", line: 1, col: 31
                    TOKEN_3(9999): """, line: 1, col: 32
                Colon(9999)
                  TOKEN_26(9999): ":", line: 1, col: 33
                  Spaces(9999)
                    Space(9999)
                      TOKEN_1(9999): " ", line: 1, col: 34
                Value(9999)
                  Number(9999)
                    Digits(9999)
                      Digit(9999)
                        TOKEN_22(9999): "6", line: 1, col: 35
                    Spaces(9999)
                      Space(9999)
                        TOKEN_1(9999): " ", line: 1, col: 36
      AND(9999)
        TOKEN_33(9999): "A", line: 1, col: 37
        TOKEN_46(9999): "N", line: 1, col: 38
        TOKEN_36(9999): "D", line: 1, col: 39
        Spaces(9999)
          Space(9999)
            TOKEN_1(9999): " ", line: 1, col: 40
      ExpressionClause(9999)
        ExpressionPhrase(9999)
          Comparison(9999)
            PropertyFirstComparison(9999)
              Property(9999)
                Identifier(9999)
                  LowercaseLetter(9999)
                    TOKEN_69(9999): "e", line: 1, col: 41
                  LowercaseLetter(9999)
                    TOKEN_76(9999): "l", line: 1, col: 42
                  LowercaseLetter(9999)
                    TOKEN_69(9999): "e", line: 1, col: 43
                  LowercaseLetter(9999)
                    TOKEN_77(9999): "m", line: 1, col: 44
                  LowercaseLetter(9999)
                    TOKEN_69(9999): "e", line: 1, col: 45
                  LowercaseLetter(9999)
                    TOKEN_78(9999): "n", line: 1, col: 46
                  LowercaseLetter(9999)
                    TOKEN_84(9999): "t", line: 1, col: 47
                  LowercaseLetter(9999)
                    TOKEN_83(9999): "s", line: 1, col: 48
                  Spaces(9999)
                    Space(9999)
                      TOKEN_1(9999): " ", line: 1, col: 49
              SetZipOpRhs(9999)
                PropertyZipAddon(9999)
                  Colon(9999)
                    TOKEN_26(9999): ":", line: 1, col: 50
                    Spaces(9999)
                      Space(9999)
                        TOKEN_1(9999): " ", line: 1, col: 51
                  Property(9999)
                    Identifier(9999)
                      LowercaseLetter(9999)
                        TOKEN_69(9999): "e", line: 1, col: 52
                      LowercaseLetter(9999)
                        TOKEN_76(9999): "l", line: 1, col: 53
                      LowercaseLetter(9999)
                        TOKEN_69(9999): "e", line: 1, col: 54
                      LowercaseLetter(9999)
                        TOKEN_77(9999): "m", line: 1, col: 55
                      LowercaseLetter(9999)
                        TOKEN_69(9999): "e", line: 1, col: 56
                      LowercaseLetter(9999)
                        TOKEN_78(9999): "n", line: 1, col: 57
                      LowercaseLetter(9999)
                        TOKEN_84(9999): "t", line: 1, col: 58
                      LowercaseLetter(9999)
                        TOKEN_63(9999): "_", line: 1, col: 59
                      LowercaseLetter(9999)
                        TOKEN_67(9999): "c", line: 1, col: 60
                      LowercaseLetter(9999)
                        TOKEN_79(9999): "o", line: 1, col: 61
                      LowercaseLetter(9999)
                        TOKEN_85(9999): "u", line: 1, col: 62
                      LowercaseLetter(9999)
                        TOKEN_78(9999): "n", line: 1, col: 63
                      LowercaseLetter(9999)
                        TOKEN_84(9999): "t", line: 1, col: 64
                      LowercaseLetter(9999)
                        TOKEN_83(9999): "s", line: 1, col: 65
                      Spaces(9999)
                        Space(9999)
                          TOKEN_1(9999): " ", line: 1, col: 66
                HAS(9999)
                  TOKEN_40(9999): "H", line: 1, col: 67
                  TOKEN_33(9999): "A", line: 1, col: 68
                  TOKEN_51(9999): "S", line: 1, col: 69
                  Spaces(9999)
                    Space(9999)
                      TOKEN_1(9999): " ", line: 1, col: 70
                ALL(9999)
                  TOKEN_33(9999): "A", line: 1, col: 71
                  TOKEN_44(9999): "L", line: 1, col: 72
                  TOKEN_44(9999): "L", line: 1, col: 73
                  Spaces(9999)
                    Space(9999)
                      TOKEN_1(9999): " ", line: 1, col: 74
                ValueZipList(9999)
                  ValueZip(9999)
                    Value(9999)
                      String(9999)
                        TOKEN_3(9999): """, line: 1, col: 75
                        EscapedChar(9999)
                          UnescapedChar(9999)
                            Letter(9999)
                              UppercaseLetter(9999)
                                TOKEN_40(9999): "H", line: 1, col: 76
                        TOKEN_3(9999): """, line: 1, col: 77
                        Spaces(9999)
                          Space(9999)
                            TOKEN_1(9999): " ", line: 1, col: 78
                    Colon(9999)
                      TOKEN_26(9999): ":", line: 1, col: 79
                      Spaces(9999)
                        Space(9999)
                          TOKEN_1(9999): " ", line: 1, col: 80
                    Value(9999)
                      Number(9999)
                        Digits(9999)
                          Digit(9999)
                            TOKEN_22(9999): "6", line: 1, col: 81
                  Comma(9999)
                    TOKEN_12(9999): ",", line: 1, col: 82
                  ValueZip(9999)
                    Value(9999)
                      String(9999)
                        TOKEN_3(9999): """, line: 1, col: 83
                        EscapedChar(9999)
                          UnescapedChar(9999)
                            Letter(9999)
                              UppercaseLetter(9999)
                                TOKEN_40(9999): "H", line: 1, col: 84
                        EscapedChar(9999)
                          UnescapedChar(9999)
                            Letter(9999)
                              LowercaseLetter(9999)
                                TOKEN_69(9999): "e", line: 1, col: 85
                        TOKEN_3(9999): """, line: 1, col: 86
                    Colon(9999)
                      TOKEN_26(9999): ":", line: 1, col: 87
                      Spaces(9999)
                        Space(9999)
                          TOKEN_1(9999): " ", line: 1, col: 88
                    Value(9999)
                      Number(9999)
                        Digits(9999)
                          Digit(9999)
                            TOKEN_23(9999): "7", line: 1, col: 89
                        Spaces(9999)
                          Space(9999)
                            TOKEN_1(9999): " ", line: 1, col: 90
        AND(9999)
          TOKEN_33(9999): "A", line: 1, col: 91
          TOKEN_46(9999): "N", line: 1, col: 92
          TOKEN_36(9999): "D", line: 1, col: 93
          Spaces(9999)
            Space(9999)
              TOKEN_1(9999): " ", line: 1, col: 94
        ExpressionClause(9999)
          ExpressionPhrase(9999)
            Comparison(9999)
              PropertyFirstComparison(9999)
                Property(9999)
                  Identifier(9999)
                    LowercaseLetter(9999)
                      TOKEN_69(9999): "e", line: 1, col: 95
                    LowercaseLetter(9999)
                      TOKEN_76(9999): "l", line: 1, col: 96
                    LowercaseLetter(9999)
                      TOKEN_69(9999): "e", line: 1, col: 97
                    LowercaseLetter(9999)
                      TOKEN_77(9999): "m", line: 1, col: 98
                    LowercaseLetter(9999)
                      TOKEN_69(9999): "e", line: 1, col: 99
                    LowercaseLetter(9999)
                      TOKEN_78(9999): "n", line: 1, col: 100
                    LowercaseLetter(9999)
                      TOKEN_84(9999): "t", line: 1, col: 101
                    LowercaseLetter(9999)
                      TOKEN_83(9999): "s", line: 1, col: 102
                SetZipOpRhs(9999)
                  PropertyZipAddon(9999)
                    Colon(9999)
                      TOKEN_26(9999): ":", line: 1, col: 103
                      Spaces(9999)
                        Space(9999)
                          TOKEN_1(9999): " ", line: 1, col: 104
                    Property(9999)
                      Identifier(9999)
                        LowercaseLetter(9999)
                          TOKEN_69(9999): "e", line: 1, col: 105
                        LowercaseLetter(9999)
                          TOKEN_76(9999): "l", line: 1, col: 106
                        LowercaseLetter(9999)
                          TOKEN_69(9999): "e", line: 1, col: 107
                        LowercaseLetter(9999)
                          TOKEN_77(9999): "m", line: 1, col: 108
                        LowercaseLetter(9999)
                          TOKEN_69(9999): "e", line: 1, col: 109
                        LowercaseLetter(9999)
                          TOKEN_78(9999): "n", line: 1, col: 110
                        LowercaseLetter(9999)
                          TOKEN_84(9999): "t", line: 1, col: 111
                        LowercaseLetter(9999)
                          TOKEN_63(9999): "_", line: 1, col: 112
                        LowercaseLetter(9999)
                          TOKEN_67(9999): "c", line: 1, col: 113
                        LowercaseLetter(9999)
                          TOKEN_79(9999): "o", line: 1, col: 114
                        LowercaseLetter(9999)
                          TOKEN_85(9999): "u", line: 1, col: 115
                        LowercaseLetter(9999)
                          TOKEN_78(9999): "n", line: 1, col: 116
                        LowercaseLetter(9999)
                          TOKEN_84(9999): "t", line: 1, col: 117
                        LowercaseLetter(9999)
                          TOKEN_83(9999): "s", line: 1, col: 118
                        Spaces(9999)
                          Space(9999)
                            TOKEN_1(9999): " ", line: 1, col: 119
                  HAS(9999)
                    TOKEN_40(9999): "H", line: 1, col: 120
                    TOKEN_33(9999): "A", line: 1, col: 121
                    TOKEN_51(9999): "S", line: 1, col: 122
                    Spaces(9999)
                      Space(9999)
                        TOKEN_1(9999): " ", line: 1, col: 123
                  EXACTLY(9999)
                    TOKEN_37(9999): "E", line: 1, col: 124
                    TOKEN_56(9999): "X", line: 1, col: 125
                    TOKEN_33(9999): "A", line: 1, col: 126
                    TOKEN_35(9999): "C", line: 1, col: 127
                    TOKEN_52(9999): "T", line: 1, col: 128
                    TOKEN_44(9999): "L", line: 1, col: 129
                    TOKEN_57(9999): "Y", line: 1, col: 130
                    Spaces(9999)
                      Space(9999)
                        TOKEN_1(9999): " ", line: 1, col: 131
                  ValueZipList(9999)
                    ValueZip(9999)
                      Value(9999)
                        String(9999)
                          TOKEN_3(9999): """, line: 1, col: 132
                          EscapedChar(9999)
                            UnescapedChar(9999)
                              Letter(9999)
                                UppercaseLetter(9999)
                                  TOKEN_40(9999): "H", line: 1, col: 133
                          TOKEN_3(9999): """, line: 1, col: 134
                          Spaces(9999)
                            Space(9999)
                              TOKEN_1(9999): " ", line: 1, col: 135
                      Colon(9999)
                        TOKEN_26(9999): ":", line: 1, col: 136
                      Value(9999)
                        Number(9999)
                          Digits(9999)
                            Digit(9999)
                              TOKEN_22(9999): "6", line: 1, col: 137
                          Spaces(9999)
                            Space(9999)
                              TOKEN_1(9999): " ", line: 1, col: 138
          AND(9999)
            TOKEN_33(9999): "A", line: 1, col: 139
            TOKEN_46(9999): "N", line: 1, col: 140
            TOKEN_36(9999): "D", line: 1, col: 141
            Spaces(9999)
              Space(9999)
                TOKEN_1(9999): " ", line: 1, col: 142
          ExpressionClause(9999)
            ExpressionPhrase(9999)
              Comparison(9999)
                PropertyFirstComparison(9999)
                  Property(9999)
                    Identifier(9999)
                      LowercaseLetter(9999)
                        TOKEN_69(9999): "e", line: 1, col: 143
                      LowercaseLetter(9999)
                        TOKEN_76(9999): "l", line: 1, col: 144
                      LowercaseLetter(9999)
                        TOKEN_69(9999): "e", line: 1, col: 145
                      LowercaseLetter(9999)
                        TOKEN_77(9999): "m", line: 1, col: 146
                      LowercaseLetter(9999)
                        TOKEN_69(9999): "e", line: 1, col: 147
                      LowercaseLetter(9999)
                        TOKEN_78(9999): "n", line: 1, col: 148
                      LowercaseLetter(9999)
                        TOKEN_84(9999): "t", line: 1, col: 149
                      LowercaseLetter(9999)
                        TOKEN_83(9999): "s", line: 1, col: 150
                  SetZipOpRhs(9999)
                    PropertyZipAddon(9999)
                      Colon(9999)
                        TOKEN_26(9999): ":", line: 1, col: 151
                      Property(9999)
                        Identifier(9999)
                          LowercaseLetter(9999)
                            TOKEN_69(9999): "e", line: 1, col: 152
                          LowercaseLetter(9999)
                            TOKEN_76(9999): "l", line: 1, col: 153
                          LowercaseLetter(9999)
                            TOKEN_69(9999): "e", line: 1, col: 154
                          LowercaseLetter(9999)
                            TOKEN_77(9999): "m", line: 1, col: 155
                          LowercaseLetter(9999)
                            TOKEN_69(9999): "e", line: 1, col: 156
                          LowercaseLetter(9999)
                            TOKEN_78(9999): "n", line: 1, col: 157
                          LowercaseLetter(9999)
                            TOKEN_84(9999): "t", line: 1, col: 158
                          LowercaseLetter(9999)
                            TOKEN_63(9999): "_", line: 1, col: 159
                          LowercaseLetter(9999)
                            TOKEN_67(9999): "c", line: 1, col: 160
                          LowercaseLetter(9999)
                            TOKEN_79(9999): "o", line: 1, col: 161
                          LowercaseLetter(9999)
                            TOKEN_85(9999): "u", line: 1, col: 162
                          LowercaseLetter(9999)
                            TOKEN_78(9999): "n", line: 1, col: 163
                          LowercaseLetter(9999)
                            TOKEN_84(9999): "t", line: 1, col: 164
                          LowercaseLetter(9999)
                            TOKEN_83(9999): "s", line: 1, col: 165
                          Spaces(9999)
                            Space(9999)
                              TOKEN_1(9999): " ", line: 1, col: 166
                    HAS(9999)
                      TOKEN_40(9999): "H", line: 1, col: 167
                      TOKEN_33(9999): "A", line: 1, col: 168
                      TOKEN_51(9999): "S", line: 1, col: 169
                      Spaces(9999)
                        Space(9999)
                          TOKEN_1(9999): " ", line: 1, col: 170
                    ANY(9999)
                      TOKEN_33(9999): "A", line: 1, col: 171
                      TOKEN_46(9999): "N", line: 1, col: 172
                      TOKEN_57(9999): "Y", line: 1, col: 173
                      Spaces(9999)
                        Space(9999)
                          TOKEN_1(9999): " ", line: 1, col: 174
                    ValueZipList(9999)
                      ValueZip(9999)
                        Value(9999)
                          String(9999)
                            TOKEN_3(9999): """, line: 1, col: 175
                            EscapedChar(9999)
                              UnescapedChar(9999)
                                Letter(9999)
                                  UppercaseLetter(9999)
                                    TOKEN_40(9999): "H", line: 1, col: 176
                            TOKEN_3(9999): """, line: 1, col: 177
                            Spaces(9999)
                              Space(9999)
                                TOKEN_1(9999): " ", line: 1, col: 178
                              Space(9999)
                                TOKEN_1(9999): " ", line: 1, col: 179
                        Colon(9999)
                          TOKEN_26(9999): ":", line: 1, col: 180
                          Spaces(9999)
                            Space(9999)
                              TOKEN_1(9999): " ", line: 1, col: 181
                            Space(9999)
                              TOKEN_1(9999): " ", line: 1, col: 182
                            Space(9999)
                              TOKEN_1(9999): " ", line: 1, col: 183
                        Value(9999)
                          Number(9999)
                            Digits(9999)
                              Digit(9999)
                                TOKEN_22(9999): "6", line: 1, col: 184
                      Comma(9999)
                        TOKEN_12(9999): ",", line: 1, col: 185
                      ValueZip(9999)
                        Value(9999)
                          String(9999)
                            TOKEN_3(9999): """, line: 1, col: 186
                            EscapedChar(9999)
                              UnescapedChar(9999)
                                Letter(9999)
                                  UppercaseLetter(9999)
                                    TOKEN_40(9999): "H", line: 1, col: 187
                            EscapedChar(9999)
                              UnescapedChar(9999)
                                Letter(9999)
                                  LowercaseLetter(9999)
                                    TOKEN_69(9999): "e", line: 1, col: 188
                            TOKEN_3(9999): """, line: 1, col: 189
                            Spaces(9999)
                              Space(9999)
                                TOKEN_1(9999): " ", line: 1, col: 190
                        Colon(9999)
                          TOKEN_26(9999): ":", line: 1, col: 191
                          Spaces(9999)
                            Space(9999)
                              TOKEN_1(9999): " ", line: 1, col: 192
                        Value(9999)
                          Number(9999)
                            Digits(9999)
                              Digit(9999)
                                TOKEN_23(9999): "7", line: 1, col: 193
                            Spaces(9999)
                              Space(9999)
                                TOKEN_1(9999): " ", line: 1, col: 194
            AND(9999)
              TOKEN_33(9999): "A", line: 1, col: 195
              TOKEN_46(9999): "N", line: 1, col: 196
              TOKEN_36(9999): "D", line: 1, col: 197
              Spaces(9999)
                Space(9999)
                  TOKEN_1(9999): " ", line: 1, col: 198
            ExpressionClause(9999)
              ExpressionPhrase(9999)
                Comparison(9999)
                  PropertyFirstComparison(9999)
                    Property(9999)
                      Identifier(9999)
                        LowercaseLetter(9999)
                          TOKEN_69(9999): "e", line: 1, col: 199
                        LowercaseLetter(9999)
                          TOKEN_76(9999): "l", line: 1, col: 200
                        LowercaseLetter(9999)
                          TOKEN_69(9999): "e", line: 1, col: 201
                        LowercaseLetter(9999)
                          TOKEN_77(9999): "m", line: 1, col: 202
                        LowercaseLetter(9999)
                          TOKEN_69(9999): "e", line: 1, col: 203
                        LowercaseLetter(9999)
                          TOKEN_78(9999): "n", line: 1, col: 204
                        LowercaseLetter(9999)
                          TOKEN_84(9999): "t", line: 1, col: 205
                        LowercaseLetter(9999)
                          TOKEN_83(9999): "s", line: 1, col: 206
                        Spaces(9999)
                          Space(9999)
                            TOKEN_1(9999): " ", line: 1, col: 207
                          Space(9999)
                            TOKEN_1(9999): " ", line: 1, col: 208
                          Space(9999)
                            TOKEN_1(9999): " ", line: 1, col: 209
                    SetZipOpRhs(9999)
                      PropertyZipAddon(9999)
                        Colon(9999)
                          TOKEN_26(9999): ":", line: 1, col: 210
                          Spaces(9999)
                            Space(9999)
                              TOKEN_1(9999): " ", line: 1, col: 211
                            Space(9999)
                              TOKEN_1(9999): " ", line: 1, col: 212
                            Space(9999)
                              TOKEN_1(9999): " ", line: 1, col: 213
                        Property(9999)
                          Identifier(9999)
                            LowercaseLetter(9999)
                              TOKEN_69(9999): "e", line: 1, col: 214
                            LowercaseLetter(9999)
                              TOKEN_76(9999): "l", line: 1, col: 215
                            LowercaseLetter(9999)
                              TOKEN_69(9999): "e", line: 1, col: 216
                            LowercaseLetter(9999)
                              TOKEN_77(9999): "m", line: 1, col: 217
                            LowercaseLetter(9999)
                              TOKEN_69(9999): "e", line: 1, col: 218
                            LowercaseLetter(9999)
                              TOKEN_78(9999): "n", line: 1, col: 219
                            LowercaseLetter(9999)
                              TOKEN_84(9999): "t", line: 1, col: 220
                            LowercaseLetter(9999)
                              TOKEN_63(9999): "_", line: 1, col: 221
                            LowercaseLetter(9999)
                              TOKEN_67(9999): "c", line: 1, col: 222
                            LowercaseLetter(9999)
                              TOKEN_79(9999): "o", line: 1, col: 223
                            LowercaseLetter(9999)
                              TOKEN_85(9999): "u", line: 1, col: 224
                            LowercaseLetter(9999)
                              TOKEN_78(9999): "n", line: 1, col: 225
                            LowercaseLetter(9999)
                              TOKEN_84(9999): "t", line: 1, col: 226
                            LowercaseLetter(9999)
                              TOKEN_83(9999): "s", line: 1, col: 227
                            Spaces(9999)
                              Space(9999)
                                TOKEN_1(9999): " ", line: 1, col: 228
                      HAS(9999)
                        TOKEN_40(9999): "H", line: 1, col: 229
                        TOKEN_33(9999): "A", line: 1, col: 230
                        TOKEN_51(9999): "S", line: 1, col: 231
                        Spaces(9999)
                          Space(9999)
                            TOKEN_1(9999): " ", line: 1, col: 232
                      ONLY(9999)
                        TOKEN_47(9999): "O", line: 1, col: 233
                        TOKEN_46(9999): "N", line: 1, col: 234
                        TOKEN_44(9999): "L", line: 1, col: 235
                        TOKEN_57(9999): "Y", line: 1, col: 236
                        Spaces(9999)
                          Space(9999)
                            TOKEN_1(9999): " ", line: 1, col: 237
                      ValueZipList(9999)
                        ValueZip(9999)
                          Value(9999)
                            String(9999)
                              TOKEN_3(9999): """, line: 1, col: 238
                              EscapedChar(9999)
                                UnescapedChar(9999)
                                  Letter(9999)
                                    UppercaseLetter(9999)
                                      TOKEN_40(9999): "H", line: 1, col: 239
                              TOKEN_3(9999): """, line: 1, col: 240
                              Spaces(9999)
                                Space(9999)
                                  TOKEN_1(9999): " ", line: 1, col: 241
                          Colon(9999)
                            TOKEN_26(9999): ":", line: 1, col: 242
                          Value(9999)
                            Number(9999)
                              Digits(9999)
                                Digit(9999)
                                  TOKEN_22(9999): "6", line: 1, col: 243
                        Comma(9999)
                          TOKEN_12(9999): ",", line: 1, col: 244
                        ValueZip(9999)
                          Value(9999)
                            String(9999)
                              TOKEN_3(9999): """, line: 1, col: 245
                              EscapedChar(9999)
                                UnescapedChar(9999)
                                  Letter(9999)
                                    UppercaseLetter(9999)
                                      TOKEN_40(9999): "H", line: 1, col: 246
                              EscapedChar(9999)
                                UnescapedChar(9999)
                                  Letter(9999)
                                    LowercaseLetter(9999)
                                      TOKEN_69(9999): "e", line: 1, col: 247
                              TOKEN_3(9999): """, line: 1, col: 248
                          Colon(9999)
                            TOKEN_26(9999): ":", line: 1, col: 249
                            Spaces(9999)
                              Space(9999)
                                TOKEN_1(9999): " ", line: 1, col: 250
                          Value(9999)
                            Number(9999)
                              Digits(9999)
                                Digit(9999)
                                  TOKEN_23(9999): "7", line: 1, col: 251
                              Spaces(9999)
                                Space(9999)
                                  nl(9999)
                                    SPECIAL_1(9999): "(...)", line: 1, col: 252
