Parse tree from tests/cases/Filter_053.inp:
Filter(9999)
  Expression(9999)
    ExpressionClause(9999)
      ExpressionPhrase(9999)
        Comparison(9999)
          PropertyFirstComparison(9999)
            Property(9999)
              Identifier(9999)
                LowercaseLetter(9999)
                  TOKEN_65(9999): "a", line: 1, col: 1
                Spaces(9999)
                  Space(9999)
                    TOKEN_1(9999): " ", line: 1, col: 2
            ValueOpRhs(9999)
              Operator(9999)
                TOKEN_30(9999): ">", line: 1, col: 3
                TOKEN_29(9999): "=", line: 1, col: 4
                Spaces(9999)
                  Space(9999)
                    TOKEN_1(9999): " ", line: 1, col: 5
              Value(9999)
                Number(9999)
                  Digits(9999)
                    Digit(9999)
                      TOKEN_16(9999): "0", line: 1, col: 6
                  Spaces(9999)
                    Space(9999)
                      TOKEN_1(9999): " ", line: 1, col: 7
      AND(9999)
        TOKEN_33(9999): "A", line: 1, col: 8
        TOKEN_46(9999): "N", line: 1, col: 9
        TOKEN_36(9999): "D", line: 1, col: 10
        Spaces(9999)
          Space(9999)
            TOKEN_1(9999): " ", line: 1, col: 11
      ExpressionClause(9999)
        ExpressionPhrase(9999)
          NOT(9999)
            TOKEN_46(9999): "N", line: 1, col: 12
            TOKEN_47(9999): "O", line: 1, col: 13
            TOKEN_52(9999): "T", line: 1, col: 14
            Spaces(9999)
              Space(9999)
                TOKEN_1(9999): " ", line: 1, col: 15
          Comparison(9999)
            PropertyFirstComparison(9999)
              Property(9999)
                Identifier(9999)
                  LowercaseLetter(9999)
                    TOKEN_66(9999): "b", line: 1, col: 16
                  Spaces(9999)
                    Space(9999)
                      TOKEN_1(9999): " ", line: 1, col: 17
              ValueOpRhs(9999)
                Operator(9999)
                  TOKEN_28(9999): "<", line: 1, col: 18
                  Spaces(9999)
                    Space(9999)
                      TOKEN_1(9999): " ", line: 1, col: 19
                Value(9999)
                  Property(9999)
                    Identifier(9999)
                      LowercaseLetter(9999)
                        TOKEN_67(9999): "c", line: 1, col: 20
                      Spaces(9999)
                        Space(9999)
                          TOKEN_1(9999): " ", line: 1, col: 21
    OR(9999)
      TOKEN_47(9999): "O", line: 1, col: 22
      TOKEN_50(9999): "R", line: 1, col: 23
      Spaces(9999)
        Space(9999)
          TOKEN_1(9999): " ", line: 1, col: 24
    Expression(9999)
      ExpressionClause(9999)
        ExpressionPhrase(9999)
          Comparison(9999)
            PropertyFirstComparison(9999)
              Property(9999)
                Identifier(9999)
                  LowercaseLetter(9999)
                    TOKEN_67(9999): "c", line: 1, col: 25
                  Spaces(9999)
                    Space(9999)
                      TOKEN_1(9999): " ", line: 1, col: 26
              ValueOpRhs(9999)
                Operator(9999)
                  TOKEN_29(9999): "=", line: 1, col: 27
                  Spaces(9999)
                    Space(9999)
                      TOKEN_1(9999): " ", line: 1, col: 28
                Value(9999)
                  Number(9999)
                    Digits(9999)
                      Digit(9999)
                        TOKEN_16(9999): "0", line: 1, col: 29
