Parse tree from tests/cases/Filter_033.inp:
Filter(9999)
  Expression(9999)
    ExpressionClause(9999)
      ExpressionPhrase(9999)
        Comparison(9999)
          PropertyFirstComparison(9999)
            Property(9999)
              Identifier(9999)
                LowercaseLetter(9999)
                  TOKEN_69(9999): "e", line: 1, col: 1
                LowercaseLetter(9999)
                  TOKEN_76(9999): "l", line: 1, col: 2
                LowercaseLetter(9999)
                  TOKEN_69(9999): "e", line: 1, col: 3
                LowercaseLetter(9999)
                  TOKEN_77(9999): "m", line: 1, col: 4
                LowercaseLetter(9999)
                  TOKEN_69(9999): "e", line: 1, col: 5
                LowercaseLetter(9999)
                  TOKEN_78(9999): "n", line: 1, col: 6
                LowercaseLetter(9999)
                  TOKEN_84(9999): "t", line: 1, col: 7
                LowercaseLetter(9999)
                  TOKEN_83(9999): "s", line: 1, col: 8
                Spaces(9999)
                  Space(9999)
                    TOKEN_1(9999): " ", line: 1, col: 9
            SetOpRhs(9999)
              HAS(9999)
                TOKEN_40(9999): "H", line: 1, col: 10
                TOKEN_33(9999): "A", line: 1, col: 11
                TOKEN_51(9999): "S", line: 1, col: 12
                Spaces(9999)
                  Space(9999)
                    TOKEN_1(9999): " ", line: 1, col: 13
              Value(9999)
                String(9999)
                  TOKEN_3(9999): """, line: 1, col: 14
                  EscapedChar(9999)
                    UnescapedChar(9999)
                      Letter(9999)
                        UppercaseLetter(9999)
                          TOKEN_40(9999): "H", line: 1, col: 15
                  TOKEN_3(9999): """, line: 1, col: 16
                  Spaces(9999)
                    Space(9999)
                      TOKEN_1(9999): " ", line: 1, col: 17
      AND(9999)
        TOKEN_33(9999): "A", line: 1, col: 18
        TOKEN_46(9999): "N", line: 1, col: 19
        TOKEN_36(9999): "D", line: 1, col: 20
        Spaces(9999)
          Space(9999)
            TOKEN_1(9999): " ", line: 1, col: 21
      ExpressionClause(9999)
        ExpressionPhrase(9999)
          Comparison(9999)
            PropertyFirstComparison(9999)
              Property(9999)
                Identifier(9999)
                  LowercaseLetter(9999)
                    TOKEN_69(9999): "e", line: 1, col: 22
                  LowercaseLetter(9999)
                    TOKEN_76(9999): "l", line: 1, col: 23
                  LowercaseLetter(9999)
                    TOKEN_69(9999): "e", line: 1, col: 24
                  LowercaseLetter(9999)
                    TOKEN_77(9999): "m", line: 1, col: 25
                  LowercaseLetter(9999)
                    TOKEN_69(9999): "e", line: 1, col: 26
                  LowercaseLetter(9999)
                    TOKEN_78(9999): "n", line: 1, col: 27
                  LowercaseLetter(9999)
                    TOKEN_84(9999): "t", line: 1, col: 28
                  LowercaseLetter(9999)
                    TOKEN_83(9999): "s", line: 1, col: 29
                  Spaces(9999)
                    Space(9999)
                      TOKEN_1(9999): " ", line: 1, col: 30
              SetOpRhs(9999)
                HAS(9999)
                  TOKEN_40(9999): "H", line: 1, col: 31
                  TOKEN_33(9999): "A", line: 1, col: 32
                  TOKEN_51(9999): "S", line: 1, col: 33
                  Spaces(9999)
                    Space(9999)
                      TOKEN_1(9999): " ", line: 1, col: 34
                ALL(9999)
                  TOKEN_33(9999): "A", line: 1, col: 35
                  TOKEN_44(9999): "L", line: 1, col: 36
                  TOKEN_44(9999): "L", line: 1, col: 37
                  Spaces(9999)
                    Space(9999)
                      TOKEN_1(9999): " ", line: 1, col: 38
                ValueList(9999)
                  Value(9999)
                    String(9999)
                      TOKEN_3(9999): """, line: 1, col: 39
                      EscapedChar(9999)
                        UnescapedChar(9999)
                          Letter(9999)
                            UppercaseLetter(9999)
                              TOKEN_40(9999): "H", line: 1, col: 40
                      TOKEN_3(9999): """, line: 1, col: 41
                      Spaces(9999)
                        Space(9999)
                          TOKEN_1(9999): " ", line: 1, col: 42
        AND(9999)
          TOKEN_33(9999): "A", line: 1, col: 43
          TOKEN_46(9999): "N", line: 1, col: 44
          TOKEN_36(9999): "D", line: 1, col: 45
          Spaces(9999)
            Space(9999)
              TOKEN_1(9999): " ", line: 1, col: 46
        ExpressionClause(9999)
          ExpressionPhrase(9999)
            Comparison(9999)
              PropertyFirstComparison(9999)
                Property(9999)
                  Identifier(9999)
                    LowercaseLetter(9999)
                      TOKEN_69(9999): "e", line: 1, col: 47
                    LowercaseLetter(9999)
                      TOKEN_76(9999): "l", line: 1, col: 48
                    LowercaseLetter(9999)
                      TOKEN_69(9999): "e", line: 1, col: 49
                    LowercaseLetter(9999)
                      TOKEN_77(9999): "m", line: 1, col: 50
                    LowercaseLetter(9999)
                      TOKEN_69(9999): "e", line: 1, col: 51
                    LowercaseLetter(9999)
                      TOKEN_78(9999): "n", line: 1, col: 52
                    LowercaseLetter(9999)
                      TOKEN_84(9999): "t", line: 1, col: 53
                    LowercaseLetter(9999)
                      TOKEN_83(9999): "s", line: 1, col: 54
                    Spaces(9999)
                      Space(9999)
                        TOKEN_1(9999): " ", line: 1, col: 55
                SetOpRhs(9999)
                  HAS(9999)
                    TOKEN_40(9999): "H", line: 1, col: 56
                    TOKEN_33(9999): "A", line: 1, col: 57
                    TOKEN_51(9999): "S", line: 1, col: 58
                    Spaces(9999)
                      Space(9999)
                        TOKEN_1(9999): " ", line: 1, col: 59
                  EXACTLY(9999)
                    TOKEN_37(9999): "E", line: 1, col: 60
                    TOKEN_56(9999): "X", line: 1, col: 61
                    TOKEN_33(9999): "A", line: 1, col: 62
                    TOKEN_35(9999): "C", line: 1, col: 63
                    TOKEN_52(9999): "T", line: 1, col: 64
                    TOKEN_44(9999): "L", line: 1, col: 65
                    TOKEN_57(9999): "Y", line: 1, col: 66
                    Spaces(9999)
                      Space(9999)
                        TOKEN_1(9999): " ", line: 1, col: 67
                  ValueList(9999)
                    Value(9999)
                      String(9999)
                        TOKEN_3(9999): """, line: 1, col: 68
                        EscapedChar(9999)
                          UnescapedChar(9999)
                            Letter(9999)
                              UppercaseLetter(9999)
                                TOKEN_40(9999): "H", line: 1, col: 69
                        TOKEN_3(9999): """, line: 1, col: 70
                        Spaces(9999)
                          Space(9999)
                            TOKEN_1(9999): " ", line: 1, col: 71
          AND(9999)
            TOKEN_33(9999): "A", line: 1, col: 72
            TOKEN_46(9999): "N", line: 1, col: 73
            TOKEN_36(9999): "D", line: 1, col: 74
            Spaces(9999)
              Space(9999)
                TOKEN_1(9999): " ", line: 1, col: 75
          ExpressionClause(9999)
            ExpressionPhrase(9999)
              Comparison(9999)
                PropertyFirstComparison(9999)
                  Property(9999)
                    Identifier(9999)
                      LowercaseLetter(9999)
                        TOKEN_69(9999): "e", line: 1, col: 76
                      LowercaseLetter(9999)
                        TOKEN_76(9999): "l", line: 1, col: 77
                      LowercaseLetter(9999)
                        TOKEN_69(9999): "e", line: 1, col: 78
                      LowercaseLetter(9999)
                        TOKEN_77(9999): "m", line: 1, col: 79
                      LowercaseLetter(9999)
                        TOKEN_69(9999): "e", line: 1, col: 80
                      LowercaseLetter(9999)
                        TOKEN_78(9999): "n", line: 1, col: 81
                      LowercaseLetter(9999)
                        TOKEN_84(9999): "t", line: 1, col: 82
                      LowercaseLetter(9999)
                        TOKEN_83(9999): "s", line: 1, col: 83
                      Spaces(9999)
                        Space(9999)
                          TOKEN_1(9999): " ", line: 1, col: 84
                  SetOpRhs(9999)
                    HAS(9999)
                      TOKEN_40(9999): "H", line: 1, col: 85
                      TOKEN_33(9999): "A", line: 1, col: 86
                      TOKEN_51(9999): "S", line: 1, col: 87
                      Spaces(9999)
                        Space(9999)
                          TOKEN_1(9999): " ", line: 1, col: 88
                    ANY(9999)
                      TOKEN_33(9999): "A", line: 1, col: 89
                      TOKEN_46(9999): "N", line: 1, col: 90
                      TOKEN_57(9999): "Y", line: 1, col: 91
                      Spaces(9999)
                        Space(9999)
                          TOKEN_1(9999): " ", line: 1, col: 92
                    ValueList(9999)
                      Value(9999)
                        String(9999)
                          TOKEN_3(9999): """, line: 1, col: 93
                          EscapedChar(9999)
                            UnescapedChar(9999)
                              Letter(9999)
                                UppercaseLetter(9999)
                                  TOKEN_40(9999): "H", line: 1, col: 94
                          TOKEN_3(9999): """, line: 1, col: 95
                          Spaces(9999)
                            Space(9999)
                              TOKEN_1(9999): " ", line: 1, col: 96
            AND(9999)
              TOKEN_33(9999): "A", line: 1, col: 97
              TOKEN_46(9999): "N", line: 1, col: 98
              TOKEN_36(9999): "D", line: 1, col: 99
              Spaces(9999)
                Space(9999)
                  TOKEN_1(9999): " ", line: 1, col: 100
            ExpressionClause(9999)
              ExpressionPhrase(9999)
                Comparison(9999)
                  PropertyFirstComparison(9999)
                    Property(9999)
                      Identifier(9999)
                        LowercaseLetter(9999)
                          TOKEN_69(9999): "e", line: 1, col: 101
                        LowercaseLetter(9999)
                          TOKEN_76(9999): "l", line: 1, col: 102
                        LowercaseLetter(9999)
                          TOKEN_69(9999): "e", line: 1, col: 103
                        LowercaseLetter(9999)
                          TOKEN_77(9999): "m", line: 1, col: 104
                        LowercaseLetter(9999)
                          TOKEN_69(9999): "e", line: 1, col: 105
                        LowercaseLetter(9999)
                          TOKEN_78(9999): "n", line: 1, col: 106
                        LowercaseLetter(9999)
                          TOKEN_84(9999): "t", line: 1, col: 107
                        LowercaseLetter(9999)
                          TOKEN_83(9999): "s", line: 1, col: 108
                        Spaces(9999)
                          Space(9999)
                            TOKEN_1(9999): " ", line: 1, col: 109
                    SetOpRhs(9999)
                      HAS(9999)
                        TOKEN_40(9999): "H", line: 1, col: 110
                        TOKEN_33(9999): "A", line: 1, col: 111
                        TOKEN_51(9999): "S", line: 1, col: 112
                        Spaces(9999)
                          Space(9999)
                            TOKEN_1(9999): " ", line: 1, col: 113
                      ONLY(9999)
                        TOKEN_47(9999): "O", line: 1, col: 114
                        TOKEN_46(9999): "N", line: 1, col: 115
                        TOKEN_44(9999): "L", line: 1, col: 116
                        TOKEN_57(9999): "Y", line: 1, col: 117
                        Spaces(9999)
                          Space(9999)
                            TOKEN_1(9999): " ", line: 1, col: 118
                      ValueList(9999)
                        Value(9999)
                          String(9999)
                            TOKEN_3(9999): """, line: 1, col: 119
                            EscapedChar(9999)
                              UnescapedChar(9999)
                                Letter(9999)
                                  UppercaseLetter(9999)
                                    TOKEN_40(9999): "H", line: 1, col: 120
                            TOKEN_3(9999): """, line: 1, col: 121
