Parse tree from tests/cases/Filter_031.inp:
Filter(9999)
  Expression(9999)
    ExpressionClause(9999)
      ExpressionPhrase(9999)
        PredicateComparison(9999)
          LengthComparison(9999)
            LENGTH(9999)
              TOKEN_44(9999): "L", line: 1, col: 1
              TOKEN_37(9999): "E", line: 1, col: 2
              TOKEN_46(9999): "N", line: 1, col: 3
              TOKEN_39(9999): "G", line: 1, col: 4
              TOKEN_52(9999): "T", line: 1, col: 5
              TOKEN_40(9999): "H", line: 1, col: 6
              Spaces(9999)
                Space(9999)
                  TOKEN_1(9999): " ", line: 1, col: 7
            Property(9999)
              Identifier(9999)
                LowercaseLetter(9999)
                  TOKEN_69(9999): "e", line: 1, col: 8
                LowercaseLetter(9999)
                  TOKEN_76(9999): "l", line: 1, col: 9
                LowercaseLetter(9999)
                  TOKEN_69(9999): "e", line: 1, col: 10
                LowercaseLetter(9999)
                  TOKEN_77(9999): "m", line: 1, col: 11
                LowercaseLetter(9999)
                  TOKEN_69(9999): "e", line: 1, col: 12
                LowercaseLetter(9999)
                  TOKEN_78(9999): "n", line: 1, col: 13
                LowercaseLetter(9999)
                  TOKEN_84(9999): "t", line: 1, col: 14
                LowercaseLetter(9999)
                  TOKEN_83(9999): "s", line: 1, col: 15
                Spaces(9999)
                  Space(9999)
                    TOKEN_1(9999): " ", line: 1, col: 16
            Operator(9999)
              TOKEN_29(9999): "=", line: 1, col: 17
              Spaces(9999)
                Space(9999)
                  TOKEN_1(9999): " ", line: 1, col: 18
            Value(9999)
              Number(9999)
                Digits(9999)
                  Digit(9999)
                    TOKEN_20(9999): "4", line: 1, col: 19
                  Digit(9999)
                    TOKEN_18(9999): "2", line: 1, col: 20
                Spaces(9999)
                  Space(9999)
                    TOKEN_1(9999): " ", line: 1, col: 21
      AND(9999)
        TOKEN_33(9999): "A", line: 1, col: 22
        TOKEN_46(9999): "N", line: 1, col: 23
        TOKEN_36(9999): "D", line: 1, col: 24
        Spaces(9999)
          Space(9999)
            TOKEN_1(9999): " ", line: 1, col: 25
      ExpressionClause(9999)
        ExpressionPhrase(9999)
          PredicateComparison(9999)
            LengthComparison(9999)
              LENGTH(9999)
                TOKEN_44(9999): "L", line: 1, col: 26
                TOKEN_37(9999): "E", line: 1, col: 27
                TOKEN_46(9999): "N", line: 1, col: 28
                TOKEN_39(9999): "G", line: 1, col: 29
                TOKEN_52(9999): "T", line: 1, col: 30
                TOKEN_40(9999): "H", line: 1, col: 31
                Spaces(9999)
                  Space(9999)
                    TOKEN_1(9999): " ", line: 1, col: 32
              Property(9999)
                Identifier(9999)
                  LowercaseLetter(9999)
                    TOKEN_69(9999): "e", line: 1, col: 33
                  LowercaseLetter(9999)
                    TOKEN_76(9999): "l", line: 1, col: 34
                  LowercaseLetter(9999)
                    TOKEN_69(9999): "e", line: 1, col: 35
                  LowercaseLetter(9999)
                    TOKEN_77(9999): "m", line: 1, col: 36
                  LowercaseLetter(9999)
                    TOKEN_69(9999): "e", line: 1, col: 37
                  LowercaseLetter(9999)
                    TOKEN_78(9999): "n", line: 1, col: 38
                  LowercaseLetter(9999)
                    TOKEN_84(9999): "t", line: 1, col: 39
                  LowercaseLetter(9999)
                    TOKEN_83(9999): "s", line: 1, col: 40
                  Spaces(9999)
                    Space(9999)
                      TOKEN_1(9999): " ", line: 1, col: 41
              Operator(9999)
                TOKEN_30(9999): ">", line: 1, col: 42
                Spaces(9999)
                  Space(9999)
                    TOKEN_1(9999): " ", line: 1, col: 43
              Value(9999)
                Number(9999)
                  Digits(9999)
                    Digit(9999)
                      TOKEN_20(9999): "4", line: 1, col: 44
                    Digit(9999)
                      TOKEN_18(9999): "2", line: 1, col: 45
                  Spaces(9999)
                    Space(9999)
                      TOKEN_1(9999): " ", line: 1, col: 46
        AND(9999)
          TOKEN_33(9999): "A", line: 1, col: 47
          TOKEN_46(9999): "N", line: 1, col: 48
          TOKEN_36(9999): "D", line: 1, col: 49
          Spaces(9999)
            Space(9999)
              TOKEN_1(9999): " ", line: 1, col: 50
        ExpressionClause(9999)
          ExpressionPhrase(9999)
            PredicateComparison(9999)
              LengthComparison(9999)
                LENGTH(9999)
                  TOKEN_44(9999): "L", line: 1, col: 51
                  TOKEN_37(9999): "E", line: 1, col: 52
                  TOKEN_46(9999): "N", line: 1, col: 53
                  TOKEN_39(9999): "G", line: 1, col: 54
                  TOKEN_52(9999): "T", line: 1, col: 55
                  TOKEN_40(9999): "H", line: 1, col: 56
                  Spaces(9999)
                    Space(9999)
                      TOKEN_1(9999): " ", line: 1, col: 57
                Property(9999)
                  Identifier(9999)
                    LowercaseLetter(9999)
                      TOKEN_69(9999): "e", line: 1, col: 58
                    LowercaseLetter(9999)
                      TOKEN_76(9999): "l", line: 1, col: 59
                    LowercaseLetter(9999)
                      TOKEN_69(9999): "e", line: 1, col: 60
                    LowercaseLetter(9999)
                      TOKEN_77(9999): "m", line: 1, col: 61
                    LowercaseLetter(9999)
                      TOKEN_69(9999): "e", line: 1, col: 62
                    LowercaseLetter(9999)
                      TOKEN_78(9999): "n", line: 1, col: 63
                    LowercaseLetter(9999)
                      TOKEN_84(9999): "t", line: 1, col: 64
                    LowercaseLetter(9999)
                      TOKEN_83(9999): "s", line: 1, col: 65
                    Spaces(9999)
                      Space(9999)
                        TOKEN_1(9999): " ", line: 1, col: 66
                Operator(9999)
                  TOKEN_28(9999): "<", line: 1, col: 67
                  Spaces(9999)
                    Space(9999)
                      TOKEN_1(9999): " ", line: 1, col: 68
                Value(9999)
                  Number(9999)
                    Digits(9999)
                      Digit(9999)
                        TOKEN_20(9999): "4", line: 1, col: 69
                      Digit(9999)
                        TOKEN_18(9999): "2", line: 1, col: 70
                    Spaces(9999)
                      Space(9999)
                        TOKEN_1(9999): " ", line: 1, col: 71
          AND(9999)
            TOKEN_33(9999): "A", line: 1, col: 72
            TOKEN_46(9999): "N", line: 1, col: 73
            TOKEN_36(9999): "D", line: 1, col: 74
            Spaces(9999)
              Space(9999)
                TOKEN_1(9999): " ", line: 1, col: 75
          ExpressionClause(9999)
            ExpressionPhrase(9999)
              PredicateComparison(9999)
                LengthComparison(9999)
                  LENGTH(9999)
                    TOKEN_44(9999): "L", line: 1, col: 76
                    TOKEN_37(9999): "E", line: 1, col: 77
                    TOKEN_46(9999): "N", line: 1, col: 78
                    TOKEN_39(9999): "G", line: 1, col: 79
                    TOKEN_52(9999): "T", line: 1, col: 80
                    TOKEN_40(9999): "H", line: 1, col: 81
                    Spaces(9999)
                      Space(9999)
                        TOKEN_1(9999): " ", line: 1, col: 82
                  Property(9999)
                    Identifier(9999)
                      LowercaseLetter(9999)
                        TOKEN_69(9999): "e", line: 1, col: 83
                      LowercaseLetter(9999)
                        TOKEN_76(9999): "l", line: 1, col: 84
                      LowercaseLetter(9999)
                        TOKEN_69(9999): "e", line: 1, col: 85
                      LowercaseLetter(9999)
                        TOKEN_77(9999): "m", line: 1, col: 86
                      LowercaseLetter(9999)
                        TOKEN_69(9999): "e", line: 1, col: 87
                      LowercaseLetter(9999)
                        TOKEN_78(9999): "n", line: 1, col: 88
                      LowercaseLetter(9999)
                        TOKEN_84(9999): "t", line: 1, col: 89
                      LowercaseLetter(9999)
                        TOKEN_83(9999): "s", line: 1, col: 90
                      Spaces(9999)
                        Space(9999)
                          TOKEN_1(9999): " ", line: 1, col: 91
                  Operator(9999)
                    TOKEN_2(9999): "!", line: 1, col: 92
                    TOKEN_29(9999): "=", line: 1, col: 93
                    Spaces(9999)
                      Space(9999)
                        TOKEN_1(9999): " ", line: 1, col: 94
                  Value(9999)
                    Number(9999)
                      Digits(9999)
                        Digit(9999)
                          TOKEN_20(9999): "4", line: 1, col: 95
                        Digit(9999)
                          TOKEN_18(9999): "2", line: 1, col: 96
                      Spaces(9999)
                        Space(9999)
                          TOKEN_1(9999): " ", line: 1, col: 97
            AND(9999)
              TOKEN_33(9999): "A", line: 1, col: 98
              TOKEN_46(9999): "N", line: 1, col: 99
              TOKEN_36(9999): "D", line: 1, col: 100
              Spaces(9999)
                Space(9999)
                  TOKEN_1(9999): " ", line: 1, col: 101
            ExpressionClause(9999)
              ExpressionPhrase(9999)
                PredicateComparison(9999)
                  LengthComparison(9999)
                    LENGTH(9999)
                      TOKEN_44(9999): "L", line: 1, col: 102
                      TOKEN_37(9999): "E", line: 1, col: 103
                      TOKEN_46(9999): "N", line: 1, col: 104
                      TOKEN_39(9999): "G", line: 1, col: 105
                      TOKEN_52(9999): "T", line: 1, col: 106
                      TOKEN_40(9999): "H", line: 1, col: 107
                      Spaces(9999)
                        Space(9999)
                          TOKEN_1(9999): " ", line: 1, col: 108
                    Property(9999)
                      Identifier(9999)
                        LowercaseLetter(9999)
                          TOKEN_69(9999): "e", line: 1, col: 109
                        LowercaseLetter(9999)
                          TOKEN_76(9999): "l", line: 1, col: 110
                        LowercaseLetter(9999)
                          TOKEN_69(9999): "e", line: 1, col: 111
                        LowercaseLetter(9999)
                          TOKEN_77(9999): "m", line: 1, col: 112
                        LowercaseLetter(9999)
                          TOKEN_69(9999): "e", line: 1, col: 113
                        LowercaseLetter(9999)
                          TOKEN_78(9999): "n", line: 1, col: 114
                        LowercaseLetter(9999)
                          TOKEN_84(9999): "t", line: 1, col: 115
                        LowercaseLetter(9999)
                          TOKEN_83(9999): "s", line: 1, col: 116
                        Spaces(9999)
                          Space(9999)
                            TOKEN_1(9999): " ", line: 1, col: 117
                    Operator(9999)
                      TOKEN_30(9999): ">", line: 1, col: 118
                      TOKEN_29(9999): "=", line: 1, col: 119
                      Spaces(9999)
                        Space(9999)
                          TOKEN_1(9999): " ", line: 1, col: 120
                    Value(9999)
                      Number(9999)
                        Digits(9999)
                          Digit(9999)
                            TOKEN_20(9999): "4", line: 1, col: 121
                          Digit(9999)
                            TOKEN_18(9999): "2", line: 1, col: 122
                        Spaces(9999)
                          Space(9999)
                            TOKEN_1(9999): " ", line: 1, col: 123
              AND(9999)
                TOKEN_33(9999): "A", line: 1, col: 124
                TOKEN_46(9999): "N", line: 1, col: 125
                TOKEN_36(9999): "D", line: 1, col: 126
                Spaces(9999)
                  Space(9999)
                    TOKEN_1(9999): " ", line: 1, col: 127
              ExpressionClause(9999)
                ExpressionPhrase(9999)
                  PredicateComparison(9999)
                    LengthComparison(9999)
                      LENGTH(9999)
                        TOKEN_44(9999): "L", line: 1, col: 128
                        TOKEN_37(9999): "E", line: 1, col: 129
                        TOKEN_46(9999): "N", line: 1, col: 130
                        TOKEN_39(9999): "G", line: 1, col: 131
                        TOKEN_52(9999): "T", line: 1, col: 132
                        TOKEN_40(9999): "H", line: 1, col: 133
                        Spaces(9999)
                          Space(9999)
                            TOKEN_1(9999): " ", line: 1, col: 134
                      Property(9999)
                        Identifier(9999)
                          LowercaseLetter(9999)
                            TOKEN_69(9999): "e", line: 1, col: 135
                          LowercaseLetter(9999)
                            TOKEN_76(9999): "l", line: 1, col: 136
                          LowercaseLetter(9999)
                            TOKEN_69(9999): "e", line: 1, col: 137
                          LowercaseLetter(9999)
                            TOKEN_77(9999): "m", line: 1, col: 138
                          LowercaseLetter(9999)
                            TOKEN_69(9999): "e", line: 1, col: 139
                          LowercaseLetter(9999)
                            TOKEN_78(9999): "n", line: 1, col: 140
                          LowercaseLetter(9999)
                            TOKEN_84(9999): "t", line: 1, col: 141
                          LowercaseLetter(9999)
                            TOKEN_83(9999): "s", line: 1, col: 142
                          Spaces(9999)
                            Space(9999)
                              TOKEN_1(9999): " ", line: 1, col: 143
                      Operator(9999)
                        TOKEN_28(9999): "<", line: 1, col: 144
                        TOKEN_29(9999): "=", line: 1, col: 145
                        Spaces(9999)
                          Space(9999)
                            TOKEN_1(9999): " ", line: 1, col: 146
                      Value(9999)
                        Number(9999)
                          Digits(9999)
                            Digit(9999)
                              TOKEN_20(9999): "4", line: 1, col: 147
                            Digit(9999)
                              TOKEN_18(9999): "2", line: 1, col: 148
                          Spaces(9999)
                            Space(9999)
                              nl(9999)
                                SPECIAL_1(9999): "(...)", line: 1, col: 149
