Parse tree from tests/cases/Filter_066.inp:
Filter(9999)
  Expression(9999)
    ExpressionClause(9999)
      ExpressionPhrase(9999)
        OpeningBrace(9999)
          TOKEN_8(9999): "(", line: 1, col: 1
        Expression(9999)
          ExpressionClause(9999)
            ExpressionPhrase(9999)
              OpeningBrace(9999)
                TOKEN_8(9999): "(", line: 1, col: 2
              Expression(9999)
                ExpressionClause(9999)
                  ExpressionPhrase(9999)
                    NOT(9999)
                      TOKEN_46(9999): "N", line: 1, col: 3
                      TOKEN_47(9999): "O", line: 1, col: 4
                      TOKEN_52(9999): "T", line: 1, col: 5
                    OpeningBrace(9999)
                      TOKEN_8(9999): "(", line: 1, col: 6
                    Expression(9999)
                      ExpressionClause(9999)
                        ExpressionPhrase(9999)
                          Comparison(9999)
                            PropertyFirstComparison(9999)
                              Property(9999)
                                Identifier(9999)
                                  LowercaseLetter(9999)
                                    TOKEN_63(9999): "_", line: 1, col: 7
                                  LowercaseLetter(9999)
                                    TOKEN_69(9999): "e", line: 1, col: 8
                                  LowercaseLetter(9999)
                                    TOKEN_88(9999): "x", line: 1, col: 9
                                  LowercaseLetter(9999)
                                    TOKEN_77(9999): "m", line: 1, col: 10
                                  LowercaseLetter(9999)
                                    TOKEN_80(9999): "p", line: 1, col: 11
                                  LowercaseLetter(9999)
                                    TOKEN_76(9999): "l", line: 1, col: 12
                                  LowercaseLetter(9999)
                                    TOKEN_63(9999): "_", line: 1, col: 13
                                  LowercaseLetter(9999)
                                    TOKEN_65(9999): "a", line: 1, col: 14
                              ValueOpRhs(9999)
                                Operator(9999)
                                  TOKEN_30(9999): ">", line: 1, col: 15
                                Value(9999)
                                  Property(9999)
                                    Identifier(9999)
                                      LowercaseLetter(9999)
                                        TOKEN_63(9999): "_", line: 1, col: 16
                                      LowercaseLetter(9999)
                                        TOKEN_69(9999): "e", line: 1, col: 17
                                      LowercaseLetter(9999)
                                        TOKEN_88(9999): "x", line: 1, col: 18
                                      LowercaseLetter(9999)
                                        TOKEN_77(9999): "m", line: 1, col: 19
                                      LowercaseLetter(9999)
                                        TOKEN_80(9999): "p", line: 1, col: 20
                                      LowercaseLetter(9999)
                                        TOKEN_76(9999): "l", line: 1, col: 21
                                      LowercaseLetter(9999)
                                        TOKEN_63(9999): "_", line: 1, col: 22
                                      LowercaseLetter(9999)
                                        TOKEN_66(9999): "b", line: 1, col: 23
                    ClosingBrace(9999)
                      TOKEN_9(9999): ")", line: 1, col: 24
              ClosingBrace(9999)
                TOKEN_9(9999): ")", line: 1, col: 25
            AND(9999)
              TOKEN_33(9999): "A", line: 1, col: 26
              TOKEN_46(9999): "N", line: 1, col: 27
              TOKEN_36(9999): "D", line: 1, col: 28
            ExpressionClause(9999)
              ExpressionPhrase(9999)
                Comparison(9999)
                  PropertyFirstComparison(9999)
                    Property(9999)
                      Identifier(9999)
                        LowercaseLetter(9999)
                          TOKEN_63(9999): "_", line: 1, col: 29
                        LowercaseLetter(9999)
                          TOKEN_69(9999): "e", line: 1, col: 30
                        LowercaseLetter(9999)
                          TOKEN_88(9999): "x", line: 1, col: 31
                        LowercaseLetter(9999)
                          TOKEN_77(9999): "m", line: 1, col: 32
                        LowercaseLetter(9999)
                          TOKEN_80(9999): "p", line: 1, col: 33
                        LowercaseLetter(9999)
                          TOKEN_76(9999): "l", line: 1, col: 34
                        LowercaseLetter(9999)
                          TOKEN_63(9999): "_", line: 1, col: 35
                        LowercaseLetter(9999)
                          TOKEN_88(9999): "x", line: 1, col: 36
                    ValueOpRhs(9999)
                      Operator(9999)
                        TOKEN_30(9999): ">", line: 1, col: 37
                      Value(9999)
                        Number(9999)
                          Digits(9999)
                            Digit(9999)
                              TOKEN_16(9999): "0", line: 1, col: 38
        ClosingBrace(9999)
          TOKEN_9(9999): ")", line: 1, col: 39
