Parse tree from tests/cases/Filter_007.inp:
Filter(9999)
  Expression(9999)
    ExpressionClause(9999)
      ExpressionPhrase(9999)
        Comparison(9999)
          PropertyFirstComparison(9999)
            Property(9999)
              Identifier(9999)
                LowercaseLetter(9999)
                  TOKEN_65(9999): "a", line: 1, col: 1
                LowercaseLetter(9999)
                  TOKEN_65(9999): "a", line: 1, col: 2
                LowercaseLetter(9999)
                  TOKEN_88(9999): "x", line: 1, col: 3
                Spaces(9999)
                  Space(9999)
                    TOKEN_1(9999): " ", line: 1, col: 4
            ValueOpRhs(9999)
              Operator(9999)
                TOKEN_28(9999): "<", line: 1, col: 5
                TOKEN_29(9999): "=", line: 1, col: 6
                Spaces(9999)
                  Space(9999)
                    TOKEN_1(9999): " ", line: 1, col: 7
              Value(9999)
                Number(9999)
                  Sign(9999)
                    TOKEN_11(9999): "+", line: 1, col: 8
                  TOKEN_14(9999): ".", line: 1, col: 9
                  Digits(9999)
                    Digit(9999)
                      TOKEN_17(9999): "1", line: 1, col: 10
                  Exponent(9999)
                    TOKEN_69(9999): "e", line: 1, col: 11
                    Digits(9999)
                      Digit(9999)
                        TOKEN_24(9999): "8", line: 1, col: 12
                  Spaces(9999)
                    Space(9999)
                      TOKEN_1(9999): " ", line: 1, col: 13
    OR(9999)
      TOKEN_47(9999): "O", line: 1, col: 14
      TOKEN_50(9999): "R", line: 1, col: 15
      Spaces(9999)
        Space(9999)
          TOKEN_1(9999): " ", line: 1, col: 16
    Expression(9999)
      ExpressionClause(9999)
        ExpressionPhrase(9999)
          Comparison(9999)
            PropertyFirstComparison(9999)
              Property(9999)
                Identifier(9999)
                  LowercaseLetter(9999)
                    TOKEN_67(9999): "c", line: 1, col: 17
                  Digit(9999)
                    TOKEN_18(9999): "2", line: 1, col: 18
                  Digit(9999)
                    TOKEN_17(9999): "1", line: 1, col: 19
                  Spaces(9999)
                    Space(9999)
                      TOKEN_1(9999): " ", line: 1, col: 20
              ValueOpRhs(9999)
                Operator(9999)
                  TOKEN_30(9999): ">", line: 1, col: 21
                  TOKEN_29(9999): "=", line: 1, col: 22
                  Spaces(9999)
                    Space(9999)
                      TOKEN_1(9999): " ", line: 1, col: 23
                Value(9999)
                  String(9999)
                    TOKEN_3(9999): """, line: 1, col: 24
                    EscapedChar(9999)
                      UnescapedChar(9999)
                        Letter(9999)
                          UppercaseLetter(9999)
                            TOKEN_51(9999): "S", line: 1, col: 25
                    EscapedChar(9999)
                      UnescapedChar(9999)
                        UnicodeHighChar(9999)
                          SPECIAL_5(9999): "ą", line: 1, col: 26
                    EscapedChar(9999)
                      UnescapedChar(9999)
                        UnicodeHighChar(9999)
                          SPECIAL_5(9999): "ž", line: 1, col: 27
                    EscapedChar(9999)
                      UnescapedChar(9999)
                        Letter(9999)
                          LowercaseLetter(9999)
                            TOKEN_73(9999): "i", line: 1, col: 28
                    EscapedChar(9999)
                      UnescapedChar(9999)
                        Letter(9999)
                          LowercaseLetter(9999)
                            TOKEN_78(9999): "n", line: 1, col: 29
                    EscapedChar(9999)
                      UnescapedChar(9999)
                        Letter(9999)
                          LowercaseLetter(9999)
                            TOKEN_73(9999): "i", line: 1, col: 30
                    EscapedChar(9999)
                      UnescapedChar(9999)
                        Letter(9999)
                          LowercaseLetter(9999)
                            TOKEN_78(9999): "n", line: 1, col: 31
                    EscapedChar(9999)
                      UnescapedChar(9999)
                        Letter(9999)
                          LowercaseLetter(9999)
                            TOKEN_71(9999): "g", line: 1, col: 32
                    EscapedChar(9999)
                      UnescapedChar(9999)
                        Letter(9999)
                          LowercaseLetter(9999)
                            TOKEN_65(9999): "a", line: 1, col: 33
                    EscapedChar(9999)
                      UnescapedChar(9999)
                        Space(9999)
                          TOKEN_1(9999): " ", line: 1, col: 34
                    EscapedChar(9999)
                      UnescapedChar(9999)
                        UnicodeHighChar(9999)
                          SPECIAL_5(9999): "ž", line: 1, col: 35
                    EscapedChar(9999)
                      UnescapedChar(9999)
                        UnicodeHighChar(9999)
                          SPECIAL_5(9999): "ą", line: 1, col: 36
                    EscapedChar(9999)
                      UnescapedChar(9999)
                        Letter(9999)
                          LowercaseLetter(9999)
                            TOKEN_83(9999): "s", line: 1, col: 37
                    EscapedChar(9999)
                      UnescapedChar(9999)
                        Letter(9999)
                          LowercaseLetter(9999)
                            TOKEN_73(9999): "i", line: 1, col: 38
                    EscapedChar(9999)
                      UnescapedChar(9999)
                        Letter(9999)
                          LowercaseLetter(9999)
                            TOKEN_83(9999): "s", line: 1, col: 39
                    TOKEN_3(9999): """, line: 1, col: 40
                    Spaces(9999)
                      Space(9999)
                        TOKEN_1(9999): " ", line: 1, col: 41
        AND(9999)
          TOKEN_33(9999): "A", line: 1, col: 42
          TOKEN_46(9999): "N", line: 1, col: 43
          TOKEN_36(9999): "D", line: 1, col: 44
          Spaces(9999)
            Space(9999)
              TOKEN_1(9999): " ", line: 1, col: 45
        ExpressionClause(9999)
          ExpressionPhrase(9999)
            NOT(9999)
              TOKEN_46(9999): "N", line: 1, col: 46
              TOKEN_47(9999): "O", line: 1, col: 47
              TOKEN_52(9999): "T", line: 1, col: 48
              Spaces(9999)
                Space(9999)
                  TOKEN_1(9999): " ", line: 1, col: 49
            OpeningBrace(9999)
              TOKEN_8(9999): "(", line: 1, col: 50
              Spaces(9999)
                Space(9999)
                  TOKEN_1(9999): " ", line: 1, col: 51
            Expression(9999)
              ExpressionClause(9999)
                ExpressionPhrase(9999)
                  Comparison(9999)
                    PropertyFirstComparison(9999)
                      Property(9999)
                        Identifier(9999)
                          LowercaseLetter(9999)
                            TOKEN_88(9999): "x", line: 1, col: 52
                          Spaces(9999)
                            Space(9999)
                              TOKEN_1(9999): " ", line: 1, col: 53
                      ValueOpRhs(9999)
                        Operator(9999)
                          TOKEN_2(9999): "!", line: 1, col: 54
                          TOKEN_29(9999): "=", line: 1, col: 55
                          Spaces(9999)
                            Space(9999)
                              TOKEN_1(9999): " ", line: 1, col: 56
                        Value(9999)
                          String(9999)
                            TOKEN_3(9999): """, line: 1, col: 57
                            EscapedChar(9999)
                              UnescapedChar(9999)
                                Letter(9999)
                                  UppercaseLetter(9999)
                                    TOKEN_51(9999): "S", line: 1, col: 58
                            EscapedChar(9999)
                              UnescapedChar(9999)
                                Letter(9999)
                                  LowercaseLetter(9999)
                                    TOKEN_79(9999): "o", line: 1, col: 59
                            EscapedChar(9999)
                              UnescapedChar(9999)
                                Letter(9999)
                                  LowercaseLetter(9999)
                                    TOKEN_77(9999): "m", line: 1, col: 60
                            EscapedChar(9999)
                              UnescapedChar(9999)
                                Letter(9999)
                                  LowercaseLetter(9999)
                                    TOKEN_69(9999): "e", line: 1, col: 61
                            EscapedChar(9999)
                              UnescapedChar(9999)
                                Space(9999)
                                  TOKEN_1(9999): " ", line: 1, col: 62
                            EscapedChar(9999)
                              TOKEN_60(9999): "\", line: 1, col: 63
                              TOKEN_60(9999): "\", line: 1, col: 64
                            EscapedChar(9999)
                              UnescapedChar(9999)
                                Space(9999)
                                  TOKEN_1(9999): " ", line: 1, col: 65
                            EscapedChar(9999)
                              TOKEN_60(9999): "\", line: 1, col: 66
                              TOKEN_3(9999): """, line: 1, col: 67
                            EscapedChar(9999)
                              UnescapedChar(9999)
                                Letter(9999)
                                  LowercaseLetter(9999)
                                    TOKEN_83(9999): "s", line: 1, col: 68
                            EscapedChar(9999)
                              UnescapedChar(9999)
                                Letter(9999)
                                  LowercaseLetter(9999)
                                    TOKEN_84(9999): "t", line: 1, col: 69
                            EscapedChar(9999)
                              UnescapedChar(9999)
                                Letter(9999)
                                  LowercaseLetter(9999)
                                    TOKEN_82(9999): "r", line: 1, col: 70
                            EscapedChar(9999)
                              UnescapedChar(9999)
                                Letter(9999)
                                  LowercaseLetter(9999)
                                    TOKEN_73(9999): "i", line: 1, col: 71
                            EscapedChar(9999)
                              UnescapedChar(9999)
                                Letter(9999)
                                  LowercaseLetter(9999)
                                    TOKEN_78(9999): "n", line: 1, col: 72
                            EscapedChar(9999)
                              UnescapedChar(9999)
                                Letter(9999)
                                  LowercaseLetter(9999)
                                    TOKEN_71(9999): "g", line: 1, col: 73
                            EscapedChar(9999)
                              TOKEN_60(9999): "\", line: 1, col: 74
                              TOKEN_3(9999): """, line: 1, col: 75
                            TOKEN_3(9999): """, line: 1, col: 76
                            Spaces(9999)
                              Space(9999)
                                TOKEN_1(9999): " ", line: 1, col: 77
            ClosingBrace(9999)
              TOKEN_9(9999): ")", line: 1, col: 78
              Spaces(9999)
                Space(9999)
                  nl(9999)
                    SPECIAL_1(9999): "(...)", line: 1, col: 79
