Parse tree from tests/cases/Filter_025.inp:
Filter(9999)
  Expression(9999)
    ExpressionClause(9999)
      ExpressionPhrase(9999)
        Comparison(9999)
          PropertyFirstComparison(9999)
            Property(9999)
              Identifier(9999)
                LowercaseLetter(9999)
                  TOKEN_67(9999): "c", line: 1, col: 1
                LowercaseLetter(9999)
                  TOKEN_72(9999): "h", line: 1, col: 2
                LowercaseLetter(9999)
                  TOKEN_69(9999): "e", line: 1, col: 3
                LowercaseLetter(9999)
                  TOKEN_77(9999): "m", line: 1, col: 4
                LowercaseLetter(9999)
                  TOKEN_73(9999): "i", line: 1, col: 5
                LowercaseLetter(9999)
                  TOKEN_67(9999): "c", line: 1, col: 6
                LowercaseLetter(9999)
                  TOKEN_65(9999): "a", line: 1, col: 7
                LowercaseLetter(9999)
                  TOKEN_76(9999): "l", line: 1, col: 8
                LowercaseLetter(9999)
                  TOKEN_63(9999): "_", line: 1, col: 9
                LowercaseLetter(9999)
                  TOKEN_70(9999): "f", line: 1, col: 10
                LowercaseLetter(9999)
                  TOKEN_79(9999): "o", line: 1, col: 11
                LowercaseLetter(9999)
                  TOKEN_82(9999): "r", line: 1, col: 12
                LowercaseLetter(9999)
                  TOKEN_77(9999): "m", line: 1, col: 13
                LowercaseLetter(9999)
                  TOKEN_85(9999): "u", line: 1, col: 14
                LowercaseLetter(9999)
                  TOKEN_76(9999): "l", line: 1, col: 15
                LowercaseLetter(9999)
                  TOKEN_65(9999): "a", line: 1, col: 16
                Spaces(9999)
                  Space(9999)
                    TOKEN_1(9999): " ", line: 1, col: 17
            KnownOpRhs(9999)
              IS(9999)
                TOKEN_41(9999): "I", line: 1, col: 18
                TOKEN_51(9999): "S", line: 1, col: 19
                Spaces(9999)
                  Space(9999)
                    TOKEN_1(9999): " ", line: 1, col: 20
              KNOWN(9999)
                TOKEN_43(9999): "K", line: 1, col: 21
                TOKEN_46(9999): "N", line: 1, col: 22
                TOKEN_47(9999): "O", line: 1, col: 23
                TOKEN_55(9999): "W", line: 1, col: 24
                TOKEN_46(9999): "N", line: 1, col: 25
                Spaces(9999)
                  Space(9999)
                    TOKEN_1(9999): " ", line: 1, col: 26
      AND(9999)
        TOKEN_33(9999): "A", line: 1, col: 27
        TOKEN_46(9999): "N", line: 1, col: 28
        TOKEN_36(9999): "D", line: 1, col: 29
        Spaces(9999)
          Space(9999)
            TOKEN_1(9999): " ", line: 1, col: 30
      ExpressionClause(9999)
        ExpressionPhrase(9999)
          Comparison(9999)
            PropertyFirstComparison(9999)
              Property(9999)
                Identifier(9999)
                  LowercaseLetter(9999)
                    TOKEN_80(9999): "p", line: 1, col: 31
                  LowercaseLetter(9999)
                    TOKEN_82(9999): "r", line: 1, col: 32
                  LowercaseLetter(9999)
                    TOKEN_79(9999): "o", line: 1, col: 33
                  LowercaseLetter(9999)
                    TOKEN_84(9999): "t", line: 1, col: 34
                  LowercaseLetter(9999)
                    TOKEN_79(9999): "o", line: 1, col: 35
                  LowercaseLetter(9999)
                    TOKEN_84(9999): "t", line: 1, col: 36
                  LowercaseLetter(9999)
                    TOKEN_89(9999): "y", line: 1, col: 37
                  LowercaseLetter(9999)
                    TOKEN_80(9999): "p", line: 1, col: 38
                  LowercaseLetter(9999)
                    TOKEN_69(9999): "e", line: 1, col: 39
                  LowercaseLetter(9999)
                    TOKEN_63(9999): "_", line: 1, col: 40
                  LowercaseLetter(9999)
                    TOKEN_70(9999): "f", line: 1, col: 41
                  LowercaseLetter(9999)
                    TOKEN_79(9999): "o", line: 1, col: 42
                  LowercaseLetter(9999)
                    TOKEN_82(9999): "r", line: 1, col: 43
                  LowercaseLetter(9999)
                    TOKEN_77(9999): "m", line: 1, col: 44
                  LowercaseLetter(9999)
                    TOKEN_85(9999): "u", line: 1, col: 45
                  LowercaseLetter(9999)
                    TOKEN_76(9999): "l", line: 1, col: 46
                  LowercaseLetter(9999)
                    TOKEN_65(9999): "a", line: 1, col: 47
                  Spaces(9999)
                    Space(9999)
                      TOKEN_1(9999): " ", line: 1, col: 48
              KnownOpRhs(9999)
                IS(9999)
                  TOKEN_41(9999): "I", line: 1, col: 49
                  TOKEN_51(9999): "S", line: 1, col: 50
                  Spaces(9999)
                    Space(9999)
                      TOKEN_1(9999): " ", line: 1, col: 51
                UNKNOWN(9999)
                  TOKEN_53(9999): "U", line: 1, col: 52
                  TOKEN_46(9999): "N", line: 1, col: 53
                  TOKEN_43(9999): "K", line: 1, col: 54
                  TOKEN_46(9999): "N", line: 1, col: 55
                  TOKEN_47(9999): "O", line: 1, col: 56
                  TOKEN_55(9999): "W", line: 1, col: 57
                  TOKEN_46(9999): "N", line: 1, col: 58
                  Spaces(9999)
                    Space(9999)
                      nl(9999)
                        SPECIAL_1(9999): "(...)", line: 1, col: 59
